
**********************************************************
TONE3000 JUCE Log
Log started: 2 Sep 2026 11:12:29pm

[Processor] Settings file: /var/mobile/Containers/Data/Application/05DDE777-07FB-48C0-83E0-1E45EF371ED0/Library/Application Support/TONE3000/preferences.settings (exists=no) | multiCore=on
[Processor] prepareToPlay: sampleRate=48000, samplesPerBlock=256
[Processor] releaseResources() called
[Processor] prepareToPlay: sampleRate=48000, samplesPerBlock=128
Release mode: loading from embedded resources
Requested URL: /index.html
Returning resource: index_html (text/html)
[webview:log] Main WebView: JUCE C++ Backend loaded
Requested URL: /main.js
Returning resource: main_js (text/javascript)
Requested URL: /assets/main-CLRrOVdZ.css
Returning resource: mainCLRrOVdZ_css (text/css)
[webview:log] TONE3000 UI booted
Requested URL: /t3k.svg
Returning resource: t3k_svg (image/svg+xml)
Requested URL: /assets/roboto-mono-latin-400-normal-GekRknry.woff2
Returning resource: robotomonolatin400normalGekRknry_woff2 (font/woff2)
